// Jest Snapshot v1, https://goo.gl/fbAQLP

exports[`Provider render correctly Provider 1`] = `null`;
